Archive member included to satisfy reference by file (symbol)

/opt/st/stm32cubeide_1.6.0/plugins/com.st.stm32cube.ide.mcu.externaltools.gnu-tools-for-stm32.9-2020-q2-update.linux64_1.5.0.202011040924/tools/bin/../lib/gcc/arm-none-eabi/9.3.1/../../../../arm-none-eabi/lib/thumb/v7e-m+dp/hard/libc_nano.a(lib_a-errno.o)
                              Core/Src/syscalls.o (__errno)
/opt/st/stm32cubeide_1.6.0/plugins/com.st.stm32cube.ide.mcu.externaltools.gnu-tools-for-stm32.9-2020-q2-update.linux64_1.5.0.202011040924/tools/bin/../lib/gcc/arm-none-eabi/9.3.1/../../../../arm-none-eabi/lib/thumb/v7e-m+dp/hard/libc_nano.a(lib_a-exit.o)
                              /opt/st/stm32cubeide_1.6.0/plugins/com.st.stm32cube.ide.mcu.externaltools.gnu-tools-for-stm32.9-2020-q2-update.linux64_1.5.0.202011040924/tools/bin/../lib/gcc/arm-none-eabi/9.3.1/../../../../arm-none-eabi/lib/thumb/v7e-m+dp/hard/crt0.o (exit)
/opt/st/stm32cubeide_1.6.0/plugins/com.st.stm32cube.ide.mcu.externaltools.gnu-tools-for-stm32.9-2020-q2-update.linux64_1.5.0.202011040924/tools/bin/../lib/gcc/arm-none-eabi/9.3.1/../../../../arm-none-eabi/lib/thumb/v7e-m+dp/hard/libc_nano.a(lib_a-impure.o)
                              /opt/st/stm32cubeide_1.6.0/plugins/com.st.stm32cube.ide.mcu.externaltools.gnu-tools-for-stm32.9-2020-q2-update.linux64_1.5.0.202011040924/tools/bin/../lib/gcc/arm-none-eabi/9.3.1/../../../../arm-none-eabi/lib/thumb/v7e-m+dp/hard/libc_nano.a(lib_a-exit.o) (_global_impure_ptr)
/opt/st/stm32cubeide_1.6.0/plugins/com.st.stm32cube.ide.mcu.externaltools.gnu-tools-for-stm32.9-2020-q2-update.linux64_1.5.0.202011040924/tools/bin/../lib/gcc/arm-none-eabi/9.3.1/../../../../arm-none-eabi/lib/thumb/v7e-m+dp/hard/libc_nano.a(lib_a-init.o)
                              /opt/st/stm32cubeide_1.6.0/plugins/com.st.stm32cube.ide.mcu.externaltools.gnu-tools-for-stm32.9-2020-q2-update.linux64_1.5.0.202011040924/tools/bin/../lib/gcc/arm-none-eabi/9.3.1/../../../../arm-none-eabi/lib/thumb/v7e-m+dp/hard/crt0.o (__libc_init_array)
/opt/st/stm32cubeide_1.6.0/plugins/com.st.stm32cube.ide.mcu.externaltools.gnu-tools-for-stm32.9-2020-q2-update.linux64_1.5.0.202011040924/tools/bin/../lib/gcc/arm-none-eabi/9.3.1/../../../../arm-none-eabi/lib/thumb/v7e-m+dp/hard/libc_nano.a(lib_a-memset.o)
                              /opt/st/stm32cubeide_1.6.0/plugins/com.st.stm32cube.ide.mcu.externaltools.gnu-tools-for-stm32.9-2020-q2-update.linux64_1.5.0.202011040924/tools/bin/../lib/gcc/arm-none-eabi/9.3.1/../../../../arm-none-eabi/lib/thumb/v7e-m+dp/hard/crt0.o (memset)

Allocating common symbols
Common symbol       size              file

uwTick              0x4               Drivers/STM32H7xx_HAL_Driver/Src/stm32h7xx_hal.o
pFlash              0x1c              Drivers/STM32H7xx_HAL_Driver/Src/stm32h7xx_hal_flash.o
hadc1               0x64              Core/Src/main.o
raw_val             0x2               Core/Src/main.o

Discarded input sections

 .text          0x0000000000000000        0x0 /opt/st/stm32cubeide_1.6.0/plugins/com.st.stm32cube.ide.mcu.externaltools.gnu-tools-for-stm32.9-2020-q2-update.linux64_1.5.0.202011040924/tools/bin/../lib/gcc/arm-none-eabi/9.3.1/thumb/v7e-m+dp/hard/crti.o
 .data          0x0000000000000000        0x0 /opt/st/stm32cubeide_1.6.0/plugins/com.st.stm32cube.ide.mcu.externaltools.gnu-tools-for-stm32.9-2020-q2-update.linux64_1.5.0.202011040924/tools/bin/../lib/gcc/arm-none-eabi/9.3.1/thumb/v7e-m+dp/hard/crti.o
 .bss           0x0000000000000000        0x0 /opt/st/stm32cubeide_1.6.0/plugins/com.st.stm32cube.ide.mcu.externaltools.gnu-tools-for-stm32.9-2020-q2-update.linux64_1.5.0.202011040924/tools/bin/../lib/gcc/arm-none-eabi/9.3.1/thumb/v7e-m+dp/hard/crti.o
 .data          0x0000000000000000        0x4 /opt/st/stm32cubeide_1.6.0/plugins/com.st.stm32cube.ide.mcu.externaltools.gnu-tools-for-stm32.9-2020-q2-update.linux64_1.5.0.202011040924/tools/bin/../lib/gcc/arm-none-eabi/9.3.1/thumb/v7e-m+dp/hard/crtbegin.o
 .text          0x0000000000000000       0x7c /opt/st/stm32cubeide_1.6.0/plugins/com.st.stm32cube.ide.mcu.externaltools.gnu-tools-for-stm32.9-2020-q2-update.linux64_1.5.0.202011040924/tools/bin/../lib/gcc/arm-none-eabi/9.3.1/../../../../arm-none-eabi/lib/thumb/v7e-m+dp/hard/crt0.o
 .data          0x0000000000000000        0x0 /opt/st/stm32cubeide_1.6.0/plugins/com.st.stm32cube.ide.mcu.externaltools.gnu-tools-for-stm32.9-2020-q2-update.linux64_1.5.0.202011040924/tools/bin/../lib/gcc/arm-none-eabi/9.3.1/../../../../arm-none-eabi/lib/thumb/v7e-m+dp/hard/crt0.o
 .bss           0x0000000000000000        0x0 /opt/st/stm32cubeide_1.6.0/plugins/com.st.stm32cube.ide.mcu.externaltools.gnu-tools-for-stm32.9-2020-q2-update.linux64_1.5.0.202011040924/tools/bin/../lib/gcc/arm-none-eabi/9.3.1/../../../../arm-none-eabi/lib/thumb/v7e-m+dp/hard/crt0.o
[...]
Memory Configuration

Name             Origin             Length             Attributes
FLASH            0x0000000008000000 0x0000000000200000 xr
RAM              0x0000000020000000 0x0000000000020000 xrw
RAM_D1           0x0000000024000000 0x0000000000080000 xrw
RAM_D2           0x0000000030000000 0x0000000000048000 xrw
RAM_D3           0x0000000038000000 0x0000000000010000 xrw
ITCMRAM          0x0000000000000000 0x0000000000010000 xrw
*default*        0x0000000000000000 0xffffffffffffffff

Linker script and memory map

LOAD /opt/st/stm32cubeide_1.6.0/plugins/com.st.stm32cube.ide.mcu.externaltools.gnu-tools-for-stm32.9-2020-q2-update.linux64_1.5.0.202011040924/tools/bin/../lib/gcc/arm-none-eabi/9.3.1/thumb/v7e-m+dp/hard/crti.o
LOAD /opt/st/stm32cubeide_1.6.0/plugins/com.st.stm32cube.ide.mcu.externaltools.gnu-tools-for-stm32.9-2020-q2-update.linux64_1.5.0.202011040924/tools/bin/../lib/gcc/arm-none-eabi/9.3.1/thumb/v7e-m+dp/hard/crtbegin.o
LOAD /opt/st/stm32cubeide_1.6.0/plugins/com.st.stm32cube.ide.mcu.externaltools.gnu-tools-for-stm32.9-2020-q2-update.linux64_1.5.0.202011040924/tools/bin/../lib/gcc/arm-none-eabi/9.3.1/../../../../arm-none-eabi/lib/thumb/v7e-m+dp/hard/crt0.o
LOAD Core/Src/main.o
LOAD Core/Src/stm32h7xx_hal_msp.o
LOAD Core/Src/stm32h7xx_it.o
LOAD Core/Src/syscalls.o
LOAD Core/Src/sysmem.o
LOAD Core/Src/system_stm32h7xx.o
LOAD Core/Startup/startup_stm32h743zitx.o
LOAD Drivers/STM32H7xx_HAL_Driver/Src/stm32h7xx_hal.o
LOAD Drivers/STM32H7xx_HAL_Driver/Src/stm32h7xx_hal_adc.o
LOAD Drivers/STM32H7xx_HAL_Driver/Src/stm32h7xx_hal_adc_ex.o
LOAD Drivers/STM32H7xx_HAL_Driver/Src/stm32h7xx_hal_cortex.o
LOAD Drivers/STM32H7xx_HAL_Driver/Src/stm32h7xx_hal_dma.o
LOAD Drivers/STM32H7xx_HAL_Driver/Src/stm32h7xx_hal_dma_ex.o
LOAD Drivers/STM32H7xx_HAL_Driver/Src/stm32h7xx_hal_exti.o
LOAD Drivers/STM32H7xx_HAL_Driver/Src/stm32h7xx_hal_flash.o
LOAD Drivers/STM32H7xx_HAL_Driver/Src/stm32h7xx_hal_flash_ex.o
LOAD Drivers/STM32H7xx_HAL_Driver/Src/stm32h7xx_hal_gpio.o
LOAD Drivers/STM32H7xx_HAL_Driver/Src/stm32h7xx_hal_hsem.o
LOAD Drivers/STM32H7xx_HAL_Driver/Src/stm32h7xx_hal_i2c.o
LOAD Drivers/STM32H7xx_HAL_Driver/Src/stm32h7xx_hal_i2c_ex.o
LOAD Drivers/STM32H7xx_HAL_Driver/Src/stm32h7xx_hal_mdma.o
LOAD Drivers/STM32H7xx_HAL_Driver/Src/stm32h7xx_hal_pwr.o
LOAD Drivers/STM32H7xx_HAL_Driver/Src/stm32h7xx_hal_pwr_ex.o
LOAD Drivers/STM32H7xx_HAL_Driver/Src/stm32h7xx_hal_rcc.o
LOAD Drivers/STM32H7xx_HAL_Driver/Src/stm32h7xx_hal_rcc_ex.o
LOAD Drivers/STM32H7xx_HAL_Driver/Src/stm32h7xx_hal_tim.o
LOAD Drivers/STM32H7xx_HAL_Driver/Src/stm32h7xx_hal_tim_ex.o
START GROUP
LOAD /opt/st/stm32cubeide_1.6.0/plugins/com.st.stm32cube.ide.mcu.externaltools.gnu-tools-for-stm32.9-2020-q2-update.linux64_1.5.0.202011040924/tools/bin/../lib/gcc/arm-none-eabi/9.3.1/../../../../arm-none-eabi/lib/thumb/v7e-m+dp/hard/libc_nano.a
LOAD /opt/st/stm32cubeide_1.6.0/plugins/com.st.stm32cube.ide.mcu.externaltools.gnu-tools-for-stm32.9-2020-q2-update.linux64_1.5.0.202011040924/tools/bin/../lib/gcc/arm-none-eabi/9.3.1/../../../../arm-none-eabi/lib/thumb/v7e-m+dp/hard/libm.a
END GROUP
START GROUP
LOAD /opt/st/stm32cubeide_1.6.0/plugins/com.st.stm32cube.ide.mcu.externaltools.gnu-tools-for-stm32.9-2020-q2-update.linux64_1.5.0.202011040924/tools/bin/../lib/gcc/arm-none-eabi/9.3.1/thumb/v7e-m+dp/hard/libgcc.a
LOAD /opt/st/stm32cubeide_1.6.0/plugins/com.st.stm32cube.ide.mcu.externaltools.gnu-tools-for-stm32.9-2020-q2-update.linux64_1.5.0.202011040924/tools/bin/../lib/gcc/arm-none-eabi/9.3.1/../../../../arm-none-eabi/lib/thumb/v7e-m+dp/hard/libc_nano.a
END GROUP
START GROUP
LOAD /opt/st/stm32cubeide_1.6.0/plugins/com.st.stm32cube.ide.mcu.externaltools.gnu-tools-for-stm32.9-2020-q2-update.linux64_1.5.0.202011040924/tools/bin/../lib/gcc/arm-none-eabi/9.3.1/thumb/v7e-m+dp/hard/libgcc.a
LOAD /opt/st/stm32cubeide_1.6.0/plugins/com.st.stm32cube.ide.mcu.externaltools.gnu-tools-for-stm32.9-2020-q2-update.linux64_1.5.0.202011040924/tools/bin/../lib/gcc/arm-none-eabi/9.3.1/../../../../arm-none-eabi/lib/thumb/v7e-m+dp/hard/libc_nano.a
LOAD /opt/st/stm32cubeide_1.6.0/plugins/com.st.stm32cube.ide.mcu.externaltools.gnu-tools-for-stm32.9-2020-q2-update.linux64_1.5.0.202011040924/tools/bin/../lib/gcc/arm-none-eabi/9.3.1/../../../../arm-none-eabi/lib/thumb/v7e-m+dp/hard/libnosys.a
END GROUP
START GROUP
LOAD /opt/st/stm32cubeide_1.6.0/plugins/com.st.stm32cube.ide.mcu.externaltools.gnu-tools-for-stm32.9-2020-q2-update.linux64_1.5.0.202011040924/tools/bin/../lib/gcc/arm-none-eabi/9.3.1/thumb/v7e-m+dp/hard/libgcc.a
LOAD /opt/st/stm32cubeide_1.6.0/plugins/com.st.stm32cube.ide.mcu.externaltools.gnu-tools-for-stm32.9-2020-q2-update.linux64_1.5.0.202011040924/tools/bin/../lib/gcc/arm-none-eabi/9.3.1/../../../../arm-none-eabi/lib/thumb/v7e-m+dp/hard/libc_nano.a
LOAD /opt/st/stm32cubeide_1.6.0/plugins/com.st.stm32cube.ide.mcu.externaltools.gnu-tools-for-stm32.9-2020-q2-update.linux64_1.5.0.202011040924/tools/bin/../lib/gcc/arm-none-eabi/9.3.1/../../../../arm-none-eabi/lib/thumb/v7e-m+dp/hard/libnosys.a
END GROUP
LOAD /opt/st/stm32cubeide_1.6.0/plugins/com.st.stm32cube.ide.mcu.externaltools.gnu-tools-for-stm32.9-2020-q2-update.linux64_1.5.0.202011040924/tools/bin/../lib/gcc/arm-none-eabi/9.3.1/thumb/v7e-m+dp/hard/crtend.o
LOAD /opt/st/stm32cubeide_1.6.0/plugins/com.st.stm32cube.ide.mcu.externaltools.gnu-tools-for-stm32.9-2020-q2-update.linux64_1.5.0.202011040924/tools/bin/../lib/gcc/arm-none-eabi/9.3.1/thumb/v7e-m+dp/hard/crtn.o
                0x0000000020020000                _estack = 0x20020000
                0x0000000000000200                _Min_Heap_Size = 0x200
                0x0000000000000400                _Min_Stack_Size = 0x400

.isr_vector     0x0000000008000000      0x298
                0x0000000008000000                . = ALIGN (0x4)
 *(.isr_vector)
 .isr_vector    0x0000000008000000      0x298 Core/Startup/startup_stm32h743zitx.o
                0x0000000008000000                g_pfnVectors
                0x0000000008000298                . = ALIGN (0x4)

.text           0x0000000008000298     0x55d8
                0x0000000008000298                . = ALIGN (0x4)
 *(.text)
 .text          0x0000000008000298       0x40 /opt/st/stm32cubeide_1.6.0/plugins/com.st.stm32cube.ide.mcu.externaltools.gnu-tools-for-stm32.9-2020-q2-update.linux64_1.5.0.202011040924/tools/bin/../lib/gcc/arm-none-eabi/9.3.1/thumb/v7e-m+dp/hard/crtbegin.o
 *(.text*)
 .text.main     0x00000000080002d8       0xa0 Core/Src/main.o
                0x00000000080002d8                main
 .text.SystemClock_Config
                0x0000000008000378       0xe8 Core/Src/main.o
                0x0000000008000378                SystemClock_Config
 .text.MX_ADC1_Init
                0x0000000008000460       0xf0 Core/Src/main.o
 .text.MX_GPIO_Init
                0x0000000008000550       0x6c Core/Src/main.o
 .text.Error_Handler
                0x00000000080005bc        0xa Core/Src/main.o
                0x00000000080005bc                Error_Handler
 *fill*         0x00000000080005c6        0x2 
 .text.HAL_MspInit
                0x00000000080005c8       0x34 Core/Src/stm32h7xx_hal_msp.o
                0x00000000080005c8                HAL_MspInit
 .text.HAL_ADC_MspInit
                0x00000000080005fc       0xe0 Core/Src/stm32h7xx_hal_msp.o
                0x00000000080005fc                HAL_ADC_MspInit
 .text.NMI_Handler
                0x00000000080006dc        0x6 Core/Src/stm32h7xx_it.o
                0x00000000080006dc                NMI_Handler
 .text.HardFault_Handler
                0x00000000080006e2        0x6 Core/Src/stm32h7xx_it.o
                0x00000000080006e2                HardFault_Handler
 .text.MemManage_Handler
                0x00000000080006e8        0x6 Core/Src/stm32h7xx_it.o
                0x00000000080006e8                MemManage_Handler
 .text.BusFault_Handler
                0x00000000080006ee        0x6 Core/Src/stm32h7xx_it.o
                0x00000000080006ee                BusFault_Handler
 .text.UsageFault_Handler
                0x00000000080006f4        0x6 Core/Src/stm32h7xx_it.o
                0x00000000080006f4                UsageFault_Handler
 .text.SVC_Handler
                0x00000000080006fa        0xe Core/Src/stm32h7xx_it.o
                0x00000000080006fa                SVC_Handler
 .text.DebugMon_Handler
                0x0000000008000708        0xe Core/Src/stm32h7xx_it.o
                0x0000000008000708                DebugMon_Handler
 .text.PendSV_Handler
                0x0000000008000716        0xe Core/Src/stm32h7xx_it.o
                0x0000000008000716                PendSV_Handler
 .text.SysTick_Handler
                0x0000000008000724        0xc Core/Src/stm32h7xx_it.o
                0x0000000008000724                SysTick_Handler
 .text.SystemInit
                0x0000000008000730      0x118 Core/Src/system_stm32h7xx.o
                0x0000000008000730                SystemInit
 .text.Reset_Handler
                0x0000000008000848       0x50 Core/Startup/startup_stm32h743zitx.o
                0x0000000008000848                Reset_Handler
 .text.Default_Handler
                0x0000000008000898        0x2 Core/Startup/startup_stm32h743zitx.o
                0x0000000008000898                RTC_Alarm_IRQHandler
                0x0000000008000898                EXTI2_IRQHandler
                0x0000000008000898                TIM8_CC_IRQHandler
                0x0000000008000898                HRTIM1_Master_IRQHandler
                0x0000000008000898                UART8_IRQHandler
                0x0000000008000898                SPI4_IRQHandler
                0x0000000008000898                TIM1_CC_IRQHandler
                0x0000000008000898                BDMA_Channel6_IRQHandler
                0x0000000008000898                DMA2_Stream5_IRQHandler
                0x0000000008000898                HRTIM1_FLT_IRQHandler
                0x0000000008000898                JPEG_IRQHandler
                0x0000000008000898                DMA1_Stream5_IRQHandler
                0x0000000008000898                BDMA_Channel1_IRQHandler
                0x0000000008000898                HRTIM1_TIMD_IRQHandler
                0x0000000008000898                TAMP_STAMP_IRQHandler
                0x0000000008000898                EXTI3_IRQHandler
                0x0000000008000898                LPTIM4_IRQHandler
                0x0000000008000898                TIM8_TRG_COM_TIM14_IRQHandler
                0x0000000008000898                LPTIM2_IRQHandler
                0x0000000008000898                DFSDM1_FLT1_IRQHandler
                0x0000000008000898                DMAMUX2_OVR_IRQHandler
                0x0000000008000898                TIM8_UP_TIM13_IRQHandler
                0x0000000008000898                I2C3_ER_IRQHandler
                0x0000000008000898                DFSDM1_FLT2_IRQHandler
                0x0000000008000898                MDMA_IRQHandler
                0x0000000008000898                LPTIM3_IRQHandler
                0x0000000008000898                HSEM1_IRQHandler
                0x0000000008000898                EXTI0_IRQHandler
                0x0000000008000898                I2C2_EV_IRQHandler
                0x0000000008000898                DMA1_Stream2_IRQHandler
                0x0000000008000898                FPU_IRQHandler
                0x0000000008000898                OTG_HS_WKUP_IRQHandler
                0x0000000008000898                FDCAN1_IT1_IRQHandler
                0x0000000008000898                LTDC_ER_IRQHandler
                0x0000000008000898                DMA2_Stream2_IRQHandler
                0x0000000008000898                HRTIM1_TIME_IRQHandler
                0x0000000008000898                SPI1_IRQHandler
                0x0000000008000898                TIM6_DAC_IRQHandler
                0x0000000008000898                DCMI_IRQHandler
                0x0000000008000898                HRTIM1_TIMC_IRQHandler
                0x0000000008000898                DMA2_Stream3_IRQHandler
                0x0000000008000898                SAI2_IRQHandler
                0x0000000008000898                DFSDM1_FLT3_IRQHandler
                0x0000000008000898                USART6_IRQHandler
                0x0000000008000898                TIM17_IRQHandler
                0x0000000008000898                USART3_IRQHandler
                0x0000000008000898                BDMA_Channel7_IRQHandler
                0x0000000008000898                LPTIM5_IRQHandler
                0x0000000008000898                UART5_IRQHandler
                0x0000000008000898                ADC3_IRQHandler
                0x0000000008000898                DMA2_Stream0_IRQHandler
                0x0000000008000898                TIM4_IRQHandler
                0x0000000008000898                BDMA_Channel2_IRQHandler
                0x0000000008000898                QUADSPI_IRQHandler
                0x0000000008000898                I2C1_EV_IRQHandler
                0x0000000008000898                DMA1_Stream6_IRQHandler
                0x0000000008000898                DMAMUX1_OVR_IRQHandler
                0x0000000008000898                DMA1_Stream1_IRQHandler
                0x0000000008000898                TIM16_IRQHandler
                0x0000000008000898                UART4_IRQHandler
                0x0000000008000898                BDMA_Channel5_IRQHandler
                0x0000000008000898                TIM3_IRQHandler
                0x0000000008000898                RCC_IRQHandler
                0x0000000008000898                TIM8_BRK_TIM12_IRQHandler
                0x0000000008000898                TIM1_TRG_COM_IRQHandler
                0x0000000008000898                Default_Handler
                0x0000000008000898                ECC_IRQHandler
                0x0000000008000898                CEC_IRQHandler
                0x0000000008000898                EXTI15_10_IRQHandler
                0x0000000008000898                BDMA_Channel0_IRQHandler
                0x0000000008000898                ADC_IRQHandler
                0x0000000008000898                DMA1_Stream7_IRQHandler
                0x0000000008000898                HRTIM1_TIMA_IRQHandler
                0x0000000008000898                SPI5_IRQHandler
                0x0000000008000898                TIM7_IRQHandler
                0x0000000008000898                SDMMC1_IRQHandler
                0x0000000008000898                TIM5_IRQHandler
                0x0000000008000898                DMA2_Stream7_IRQHandler
                0x0000000008000898                TIM15_IRQHandler
                0x0000000008000898                PVD_AVD_IRQHandler
                0x0000000008000898                I2C3_EV_IRQHandler
                0x0000000008000898                EXTI9_5_IRQHandler
                0x0000000008000898                RTC_WKUP_IRQHandler
                0x0000000008000898                LTDC_IRQHandler
                0x0000000008000898                SAI3_IRQHandler
                0x0000000008000898                ETH_WKUP_IRQHandler
                0x0000000008000898                SPDIF_RX_IRQHandler
                0x0000000008000898                SPI2_IRQHandler
                0x0000000008000898                OTG_HS_EP1_IN_IRQHandler
                0x0000000008000898                DMA1_Stream0_IRQHandler
                0x0000000008000898                CRS_IRQHandler
                0x0000000008000898                EXTI4_IRQHandler
                0x0000000008000898                RNG_IRQHandler
                0x0000000008000898                HRTIM1_TIMB_IRQHandler
                0x0000000008000898                FDCAN2_IT1_IRQHandler
                0x0000000008000898                ETH_IRQHandler
                0x0000000008000898                TIM1_UP_IRQHandler
                0x0000000008000898                BDMA_Channel4_IRQHandler
                0x0000000008000898                OTG_HS_EP1_OUT_IRQHandler
                0x0000000008000898                WWDG_IRQHandler
                0x0000000008000898                SPI6_IRQHandler
                0x0000000008000898                MDIOS_IRQHandler
                0x0000000008000898                I2C4_EV_IRQHandler
                0x0000000008000898                FDCAN2_IT0_IRQHandler
                0x0000000008000898                LPUART1_IRQHandler
                0x0000000008000898                FDCAN1_IT0_IRQHandler
                0x0000000008000898                TIM2_IRQHandler
                0x0000000008000898                OTG_FS_WKUP_IRQHandler
                0x0000000008000898                OTG_HS_IRQHandler
                0x0000000008000898                DMA2D_IRQHandler
                0x0000000008000898                TIM1_BRK_IRQHandler
                0x0000000008000898                EXTI1_IRQHandler
                0x0000000008000898                SDMMC2_IRQHandler
                0x0000000008000898                OTG_FS_EP1_OUT_IRQHandler
                0x0000000008000898                BDMA_Channel3_IRQHandler
                0x0000000008000898                UART7_IRQHandler
                0x0000000008000898                MDIOS_WKUP_IRQHandler
                0x0000000008000898                USART2_IRQHandler
                0x0000000008000898                DFSDM1_FLT0_IRQHandler
                0x0000000008000898                SAI4_IRQHandler
                0x0000000008000898                I2C2_ER_IRQHandler
                0x0000000008000898                DMA2_Stream1_IRQHandler
                0x0000000008000898                FLASH_IRQHandler
                0x0000000008000898                DMA2_Stream4_IRQHandler
                0x0000000008000898                USART1_IRQHandler
                0x0000000008000898                OTG_FS_IRQHandler
                0x0000000008000898                SPI3_IRQHandler
                0x0000000008000898                WAKEUP_PIN_IRQHandler
                0x0000000008000898                DMA1_Stream4_IRQHandler
                0x0000000008000898                OTG_FS_EP1_IN_IRQHandler
                0x0000000008000898                I2C1_ER_IRQHandler
                0x0000000008000898                FMC_IRQHandler
                0x0000000008000898                FDCAN_CAL_IRQHandler
                0x0000000008000898                SWPMI1_IRQHandler
                0x0000000008000898                COMP1_IRQHandler
                0x0000000008000898                LPTIM1_IRQHandler
                0x0000000008000898                I2C4_ER_IRQHandler
                0x0000000008000898                DMA2_Stream6_IRQHandler
                0x0000000008000898                SAI1_IRQHandler
                0x0000000008000898                DMA1_Stream3_IRQHandler
 *fill*         0x000000000800089a        0x2 
 .text.HAL_Init
                0x000000000800089c       0x78 Drivers/STM32H7xx_HAL_Driver/Src/stm32h7xx_hal.o
                0x000000000800089c                HAL_Init
 .text.HAL_InitTick
                0x0000000008000914       0x6c Drivers/STM32H7xx_HAL_Driver/Src/stm32h7xx_hal.o
                0x0000000008000914                HAL_InitTick
 .text.HAL_IncTick
                0x0000000008000980       0x28 Drivers/STM32H7xx_HAL_Driver/Src/stm32h7xx_hal.o
                0x0000000008000980                HAL_IncTick
 .text.HAL_GetTick
                0x00000000080009a8       0x18 Drivers/STM32H7xx_HAL_Driver/Src/stm32h7xx_hal.o
                0x00000000080009a8                HAL_GetTick
 .text.HAL_GetREVID
                0x00000000080009c0       0x18 Drivers/STM32H7xx_HAL_Driver/Src/stm32h7xx_hal.o
                0x00000000080009c0                HAL_GetREVID
 .text.LL_ADC_SetCommonClock
                0x00000000080009d8       0x26 Drivers/STM32H7xx_HAL_Driver/Src/stm32h7xx_hal_adc.o
 .text.LL_ADC_SetCommonPathInternalCh
                0x00000000080009fe       0x26 Drivers/STM32H7xx_HAL_Driver/Src/stm32h7xx_hal_adc.o
 .text.LL_ADC_GetCommonPathInternalCh
                0x0000000008000a24       0x1c Drivers/STM32H7xx_HAL_Driver/Src/stm32h7xx_hal_adc.o
 .text.LL_ADC_SetOffset
                0x0000000008000a40       0x40 Drivers/STM32H7xx_HAL_Driver/Src/stm32h7xx_hal_adc.o
 .text.LL_ADC_SetDataRightShift
                0x0000000008000a80       0x32 Drivers/STM32H7xx_HAL_Driver/Src/stm32h7xx_hal_adc.o
 .text.LL_ADC_SetOffsetSignedSaturation
                0x0000000008000ab2       0x36 Drivers/STM32H7xx_HAL_Driver/Src/stm32h7xx_hal_adc.o
 .text.LL_ADC_REG_IsTriggerSourceSWStart
                0x0000000008000ae8       0x26 Drivers/STM32H7xx_HAL_Driver/Src/stm32h7xx_hal_adc.o
 .text.LL_ADC_REG_SetSequencerRanks
                0x0000000008000b0e       0x58 Drivers/STM32H7xx_HAL_Driver/Src/stm32h7xx_hal_adc.o
 .text.LL_ADC_SetChannelSamplingTime
                0x0000000008000b66       0x56 Drivers/STM32H7xx_HAL_Driver/Src/stm32h7xx_hal_adc.o
 .text.LL_ADC_SetChannelSingleDiff
                0x0000000008000bbc       0x48 Drivers/STM32H7xx_HAL_Driver/Src/stm32h7xx_hal_adc.o
 .text.LL_ADC_GetMultimode
                0x0000000008000c04       0x1c Drivers/STM32H7xx_HAL_Driver/Src/stm32h7xx_hal_adc.o
 .text.LL_ADC_GetMultiDMATransfer
                0x0000000008000c20       0x1c Drivers/STM32H7xx_HAL_Driver/Src/stm32h7xx_hal_adc.o
 .text.LL_ADC_DisableDeepPowerDown
                0x0000000008000c3c       0x24 Drivers/STM32H7xx_HAL_Driver/Src/stm32h7xx_hal_adc.o
 .text.LL_ADC_IsDeepPowerDownEnabled
                0x0000000008000c60       0x28 Drivers/STM32H7xx_HAL_Driver/Src/stm32h7xx_hal_adc.o
 .text.LL_ADC_EnableInternalRegulator
                0x0000000008000c88       0x28 Drivers/STM32H7xx_HAL_Driver/Src/stm32h7xx_hal_adc.o
 .text.LL_ADC_IsInternalRegulatorEnabled
                0x0000000008000cb0       0x28 Drivers/STM32H7xx_HAL_Driver/Src/stm32h7xx_hal_adc.o
 .text.LL_ADC_Enable
                0x0000000008000cd8       0x28 Drivers/STM32H7xx_HAL_Driver/Src/stm32h7xx_hal_adc.o
 .text.LL_ADC_IsEnabled
                0x0000000008000d00       0x26 Drivers/STM32H7xx_HAL_Driver/Src/stm32h7xx_hal_adc.o
 *fill*         0x0000000008000d26        0x2 
 .text.LL_ADC_REG_StartConversion
                0x0000000008000d28       0x28 Drivers/STM32H7xx_HAL_Driver/Src/stm32h7xx_hal_adc.o
 .text.LL_ADC_REG_IsConversionOngoing
                0x0000000008000d50       0x26 Drivers/STM32H7xx_HAL_Driver/Src/stm32h7xx_hal_adc.o
 .text.LL_ADC_INJ_IsConversionOngoing
                0x0000000008000d76       0x26 Drivers/STM32H7xx_HAL_Driver/Src/stm32h7xx_hal_adc.o
 .text.HAL_ADC_Init
                0x0000000008000d9c      0x340 Drivers/STM32H7xx_HAL_Driver/Src/stm32h7xx_hal_adc.o
                0x0000000008000d9c                HAL_ADC_Init
 .text.HAL_ADC_Start
                0x00000000080010dc      0x194 Drivers/STM32H7xx_HAL_Driver/Src/stm32h7xx_hal_adc.o
                0x00000000080010dc                HAL_ADC_Start
 .text.HAL_ADC_PollForConversion
                0x0000000008001270      0x1e8 Drivers/STM32H7xx_HAL_Driver/Src/stm32h7xx_hal_adc.o
                0x0000000008001270                HAL_ADC_PollForConversion
 .text.HAL_ADC_GetValue
                0x0000000008001458       0x1a Drivers/STM32H7xx_HAL_Driver/Src/stm32h7xx_hal_adc.o
                0x0000000008001458                HAL_ADC_GetValue
 *fill*         0x0000000008001472        0x2 
 .text.HAL_ADC_ConfigChannel
                0x0000000008001474      0x6a0 Drivers/STM32H7xx_HAL_Driver/Src/stm32h7xx_hal_adc.o
                0x0000000008001474                HAL_ADC_ConfigChannel
 .text.ADC_Enable
                0x0000000008001b14      0x114 Drivers/STM32H7xx_HAL_Driver/Src/stm32h7xx_hal_adc.o
                0x0000000008001b14                ADC_Enable
 .text.ADC_ConfigureBoostMode
                0x0000000008001c28      0x214 Drivers/STM32H7xx_HAL_Driver/Src/stm32h7xx_hal_adc.o
                0x0000000008001c28                ADC_ConfigureBoostMode
 .text.LL_ADC_IsEnabled
                0x0000000008001e3c       0x26 Drivers/STM32H7xx_HAL_Driver/Src/stm32h7xx_hal_adc_ex.o
 .text.LL_ADC_REG_IsConversionOngoing
                0x0000000008001e62       0x26 Drivers/STM32H7xx_HAL_Driver/Src/stm32h7xx_hal_adc_ex.o
 .text.HAL_ADCEx_MultiModeConfigChannel
                0x0000000008001e88      0x1bc Drivers/STM32H7xx_HAL_Driver/Src/stm32h7xx_hal_adc_ex.o
                0x0000000008001e88                HAL_ADCEx_MultiModeConfigChannel
 .text.__NVIC_SetPriorityGrouping
                0x0000000008002044       0x48 Drivers/STM32H7xx_HAL_Driver/Src/stm32h7xx_hal_cortex.o
 .text.__NVIC_GetPriorityGrouping
                0x000000000800208c       0x1c Drivers/STM32H7xx_HAL_Driver/Src/stm32h7xx_hal_cortex.o
 .text.__NVIC_SetPriority
                0x00000000080020a8       0x54 Drivers/STM32H7xx_HAL_Driver/Src/stm32h7xx_hal_cortex.o
 .text.NVIC_EncodePriority
                0x00000000080020fc       0x66 Drivers/STM32H7xx_HAL_Driver/Src/stm32h7xx_hal_cortex.o
 *fill*         0x0000000008002162        0x2 
 .text.SysTick_Config
                0x0000000008002164       0x44 Drivers/STM32H7xx_HAL_Driver/Src/stm32h7xx_hal_cortex.o
 .text.HAL_NVIC_SetPriorityGrouping
                0x00000000080021a8       0x16 Drivers/STM32H7xx_HAL_Driver/Src/stm32h7xx_hal_cortex.o
                0x00000000080021a8                HAL_NVIC_SetPriorityGrouping
 .text.HAL_NVIC_SetPriority
                0x00000000080021be       0x34 Drivers/STM32H7xx_HAL_Driver/Src/stm32h7xx_hal_cortex.o
                0x00000000080021be                HAL_NVIC_SetPriority
 .text.HAL_SYSTICK_Config
                0x00000000080021f2       0x18 Drivers/STM32H7xx_HAL_Driver/Src/stm32h7xx_hal_cortex.o
                0x00000000080021f2                HAL_SYSTICK_Config
 *fill*         0x000000000800220a        0x2 
 .text.HAL_GPIO_Init
                0x000000000800220c      0x360 Drivers/STM32H7xx_HAL_Driver/Src/stm32h7xx_hal_gpio.o
                0x000000000800220c                HAL_GPIO_Init
 .text.HAL_GPIO_WritePin
                0x000000000800256c       0x32 Drivers/STM32H7xx_HAL_Driver/Src/stm32h7xx_hal_gpio.o
                0x000000000800256c                HAL_GPIO_WritePin
 *fill*         0x000000000800259e        0x2 
 .text.HAL_PWREx_ConfigSupply
                0x00000000080025a0       0x74 Drivers/STM32H7xx_HAL_Driver/Src/stm32h7xx_hal_pwr_ex.o
                0x00000000080025a0                HAL_PWREx_ConfigSupply
 .text.HAL_RCC_OscConfig
                0x0000000008002614      0x820 Drivers/STM32H7xx_HAL_Driver/Src/stm32h7xx_hal_rcc.o
                0x0000000008002614                HAL_RCC_OscConfig
 .text.HAL_RCC_ClockConfig
                0x0000000008002e34      0x36c Drivers/STM32H7xx_HAL_Driver/Src/stm32h7xx_hal_rcc.o
                0x0000000008002e34                HAL_RCC_ClockConfig
 .text.HAL_RCC_GetSysClockFreq
                0x00000000080031a0      0x2f4 Drivers/STM32H7xx_HAL_Driver/Src/stm32h7xx_hal_rcc.o
                0x00000000080031a0                HAL_RCC_GetSysClockFreq
 .text.HAL_RCC_GetHCLKFreq
                0x0000000008003494       0x60 Drivers/STM32H7xx_HAL_Driver/Src/stm32h7xx_hal_rcc.o
                0x0000000008003494                HAL_RCC_GetHCLKFreq
 .text.HAL_RCCEx_PeriphCLKConfig
                0x00000000080034f4      0xe80 Drivers/STM32H7xx_HAL_Driver/Src/stm32h7xx_hal_rcc_ex.o
                0x00000000080034f4                HAL_RCCEx_PeriphCLKConfig
 .text.HAL_RCCEx_GetPeriphCLKFreq
                0x0000000008004374      0x9a4 Drivers/STM32H7xx_HAL_Driver/Src/stm32h7xx_hal_rcc_ex.o
                0x0000000008004374                HAL_RCCEx_GetPeriphCLKFreq
 .text.HAL_RCCEx_GetD3PCLK1Freq
                0x0000000008004d18       0x2c Drivers/STM32H7xx_HAL_Driver/Src/stm32h7xx_hal_rcc_ex.o
                0x0000000008004d18                HAL_RCCEx_GetD3PCLK1Freq
 .text.HAL_RCCEx_GetPLL2ClockFreq
                0x0000000008004d44      0x2a8 Drivers/STM32H7xx_HAL_Driver/Src/stm32h7xx_hal_rcc_ex.o
                0x0000000008004d44                HAL_RCCEx_GetPLL2ClockFreq
 .text.HAL_RCCEx_GetPLL3ClockFreq
                0x0000000008004fec      0x2a8 Drivers/STM32H7xx_HAL_Driver/Src/stm32h7xx_hal_rcc_ex.o
                0x0000000008004fec                HAL_RCCEx_GetPLL3ClockFreq
 .text.HAL_RCCEx_GetPLL1ClockFreq
                0x0000000008005294      0x2a4 Drivers/STM32H7xx_HAL_Driver/Src/stm32h7xx_hal_rcc_ex.o
                0x0000000008005294                HAL_RCCEx_GetPLL1ClockFreq
 .text.RCCEx_PLL2_Config
                0x0000000008005538      0x164 Drivers/STM32H7xx_HAL_Driver/Src/stm32h7xx_hal_rcc_ex.o
 .text.RCCEx_PLL3_Config
                0x000000000800569c      0x164 Drivers/STM32H7xx_HAL_Driver/Src/stm32h7xx_hal_rcc_ex.o
 .text.__libc_init_array
                0x0000000008005800       0x48 /opt/st/stm32cubeide_1.6.0/plugins/com.st.stm32cube.ide.mcu.externaltools.gnu-tools-for-stm32.9-2020-q2-update.linux64_1.5.0.202011040924/tools/bin/../lib/gcc/arm-none-eabi/9.3.1/../../../../arm-none-eabi/lib/thumb/v7e-m+dp/hard/libc_nano.a(lib_a-init.o)
                0x0000000008005800                __libc_init_array
 .text.memset   0x0000000008005848       0x10 /opt/st/stm32cubeide_1.6.0/plugins/com.st.stm32cube.ide.mcu.externaltools.gnu-tools-for-stm32.9-2020-q2-update.linux64_1.5.0.202011040924/tools/bin/../lib/gcc/arm-none-eabi/9.3.1/../../../../arm-none-eabi/lib/thumb/v7e-m+dp/hard/libc_nano.a(lib_a-memset.o)
                0x0000000008005848                memset
 *(.glue_7)
 .glue_7        0x0000000008005858        0x0 linker stubs
 *(.glue_7t)
 .glue_7t       0x0000000008005858        0x0 linker stubs
 *(.eh_frame)
 .eh_frame      0x0000000008005858        0x0 /opt/st/stm32cubeide_1.6.0/plugins/com.st.stm32cube.ide.mcu.externaltools.gnu-tools-for-stm32.9-2020-q2-update.linux64_1.5.0.202011040924/tools/bin/../lib/gcc/arm-none-eabi/9.3.1/thumb/v7e-m+dp/hard/crtbegin.o
 *(.init)
 .init          0x0000000008005858        0x4 /opt/st/stm32cubeide_1.6.0/plugins/com.st.stm32cube.ide.mcu.externaltools.gnu-tools-for-stm32.9-2020-q2-update.linux64_1.5.0.202011040924/tools/bin/../lib/gcc/arm-none-eabi/9.3.1/thumb/v7e-m+dp/hard/crti.o
                0x0000000008005858                _init
 .init          0x000000000800585c        0x8 /opt/st/stm32cubeide_1.6.0/plugins/com.st.stm32cube.ide.mcu.externaltools.gnu-tools-for-stm32.9-2020-q2-update.linux64_1.5.0.202011040924/tools/bin/../lib/gcc/arm-none-eabi/9.3.1/thumb/v7e-m+dp/hard/crtn.o
 *(.fini)
 .fini          0x0000000008005864        0x4 /opt/st/stm32cubeide_1.6.0/plugins/com.st.stm32cube.ide.mcu.externaltools.gnu-tools-for-stm32.9-2020-q2-update.linux64_1.5.0.202011040924/tools/bin/../lib/gcc/arm-none-eabi/9.3.1/thumb/v7e-m+dp/hard/crti.o
                0x0000000008005864                _fini
 .fini          0x0000000008005868        0x8 /opt/st/stm32cubeide_1.6.0/plugins/com.st.stm32cube.ide.mcu.externaltools.gnu-tools-for-stm32.9-2020-q2-update.linux64_1.5.0.202011040924/tools/bin/../lib/gcc/arm-none-eabi/9.3.1/thumb/v7e-m+dp/hard/crtn.o
                0x0000000008005870                . = ALIGN (0x4)
                0x0000000008005870                _etext = .

.vfp11_veneer   0x0000000008005870        0x0
 .vfp11_veneer  0x0000000008005870        0x0 linker stubs

.v4_bx          0x0000000008005870        0x0
 .v4_bx         0x0000000008005870        0x0 linker stubs

.iplt           0x0000000008005870        0x0
 .iplt          0x0000000008005870        0x0 /opt/st/stm32cubeide_1.6.0/plugins/com.st.stm32cube.ide.mcu.externaltools.gnu-tools-for-stm32.9-2020-q2-update.linux64_1.5.0.202011040924/tools/bin/../lib/gcc/arm-none-eabi/9.3.1/thumb/v7e-m+dp/hard/crtbegin.o

.rodata         0x0000000008005870       0x10
                0x0000000008005870                . = ALIGN (0x4)
 *(.rodata)
 *(.rodata*)
 .rodata.D1CorePrescTable
                0x0000000008005870       0x10 Core/Src/system_stm32h7xx.o
                0x0000000008005870                D1CorePrescTable
                0x0000000008005880                . = ALIGN (0x4)

.rel.dyn        0x0000000008005880        0x0
 .rel.iplt      0x0000000008005880        0x0 /opt/st/stm32cubeide_1.6.0/plugins/com.st.stm32cube.ide.mcu.externaltools.gnu-tools-for-stm32.9-2020-q2-update.linux64_1.5.0.202011040924/tools/bin/../lib/gcc/arm-none-eabi/9.3.1/thumb/v7e-m+dp/hard/crtbegin.o

.ARM.extab
 *(.ARM.extab* .gnu.linkonce.armextab.*)

.ARM            0x0000000008005880        0x0
                0x0000000008005880                __exidx_start = .
 *(.ARM.exidx*)
                0x0000000008005880                __exidx_end = .

.preinit_array  0x0000000008005880        0x0
                0x0000000008005880                PROVIDE (__preinit_array_start = .)
 *(.preinit_array*)
                0x0000000008005880                PROVIDE (__preinit_array_end = .)

.init_array     0x0000000008005880        0x4
                0x0000000008005880                PROVIDE (__init_array_start = .)
 *(SORT_BY_NAME(.init_array.*))
 *(.init_array*)
 .init_array    0x0000000008005880        0x4 /opt/st/stm32cubeide_1.6.0/plugins/com.st.stm32cube.ide.mcu.externaltools.gnu-tools-for-stm32.9-2020-q2-update.linux64_1.5.0.202011040924/tools/bin/../lib/gcc/arm-none-eabi/9.3.1/thumb/v7e-m+dp/hard/crtbegin.o
                0x0000000008005884                PROVIDE (__init_array_end = .)

.fini_array     0x0000000008005884        0x4
                [!provide]                        PROVIDE (__fini_array_start = .)
 *(SORT_BY_NAME(.fini_array.*))
 *(.fini_array*)
 .fini_array    0x0000000008005884        0x4 /opt/st/stm32cubeide_1.6.0/plugins/com.st.stm32cube.ide.mcu.externaltools.gnu-tools-for-stm32.9-2020-q2-update.linux64_1.5.0.202011040924/tools/bin/../lib/gcc/arm-none-eabi/9.3.1/thumb/v7e-m+dp/hard/crtbegin.o
                [!provide]                        PROVIDE (__fini_array_end = .)
                0x0000000008005888                _sidata = LOADADDR (.data)

.data           0x0000000020000000       0x14 load address 0x0000000008005888
                0x0000000020000000                . = ALIGN (0x4)
                0x0000000020000000                _sdata = .
 *(.data)
 *(.data*)
 .data.alpha    0x0000000020000000        0x4 Core/Src/main.o
                0x0000000020000000                alpha
 .data.SystemCoreClock
                0x0000000020000004        0x4 Core/Src/system_stm32h7xx.o
                0x0000000020000004                SystemCoreClock
 .data.SystemD2Clock
                0x0000000020000008        0x4 Core/Src/system_stm32h7xx.o
                0x0000000020000008                SystemD2Clock
 .data.uwTickPrio
                0x000000002000000c        0x4 Drivers/STM32H7xx_HAL_Driver/Src/stm32h7xx_hal.o
                0x000000002000000c                uwTickPrio
 .data.uwTickFreq
                0x0000000020000010        0x1 Drivers/STM32H7xx_HAL_Driver/Src/stm32h7xx_hal.o
                0x0000000020000010                uwTickFreq
 *(.RamFunc)
 *(.RamFunc*)
                0x0000000020000014                . = ALIGN (0x4)
 *fill*         0x0000000020000011        0x3 
                0x0000000020000014                _edata = .

.igot.plt       0x0000000020000014        0x0 load address 0x000000000800589c
 .igot.plt      0x0000000020000014        0x0 /opt/st/stm32cubeide_1.6.0/plugins/com.st.stm32cube.ide.mcu.externaltools.gnu-tools-for-stm32.9-2020-q2-update.linux64_1.5.0.202011040924/tools/bin/../lib/gcc/arm-none-eabi/9.3.1/thumb/v7e-m+dp/hard/crtbegin.o
                0x0000000020000014                . = ALIGN (0x4)

.bss            0x0000000020000014       0x8c load address 0x000000000800589c
                0x0000000020000014                _sbss = .
                0x0000000020000014                __bss_start__ = _sbss
 *(.bss)
 .bss           0x0000000020000014       0x1c /opt/st/stm32cubeide_1.6.0/plugins/com.st.stm32cube.ide.mcu.externaltools.gnu-tools-for-stm32.9-2020-q2-update.linux64_1.5.0.202011040924/tools/bin/../lib/gcc/arm-none-eabi/9.3.1/thumb/v7e-m+dp/hard/crtbegin.o
 *(.bss*)
 .bss.y_last    0x0000000020000030        0x4 Core/Src/main.o
                0x0000000020000030                y_last
 *(COMMON)
 COMMON         0x0000000020000034       0x66 Core/Src/main.o
                0x0000000020000034                hadc1
                0x0000000020000098                raw_val
 *fill*         0x000000002000009a        0x2 
 COMMON         0x000000002000009c        0x4 Drivers/STM32H7xx_HAL_Driver/Src/stm32h7xx_hal.o
                0x000000002000009c                uwTick
                0x00000000200000a0                . = ALIGN (0x4)
                0x00000000200000a0                _ebss = .
                0x00000000200000a0                __bss_end__ = _ebss

._user_heap_stack
                0x00000000200000a0      0x600 load address 0x000000000800589c
                0x00000000200000a0                . = ALIGN (0x8)
                [!provide]                        PROVIDE (end = .)
                0x00000000200000a0                PROVIDE (_end = .)
                0x00000000200002a0                . = (. + _Min_Heap_Size)
 *fill*         0x00000000200000a0      0x200 
                0x00000000200006a0                . = (. + _Min_Stack_Size)
 *fill*         0x00000000200002a0      0x400 
                0x00000000200006a0                . = ALIGN (0x8)

/DISCARD/
 libc.a(*)
 libm.a(*)
 libgcc.a(*)

.ARM.attributes
                0x0000000000000000       0x2e
 *(.ARM.attributes)
 .ARM.attributes
                0x0000000000000000       0x1e /opt/st/stm32cubeide_1.6.0/plugins/com.st.stm32cube.ide.mcu.externaltools.gnu-tools-for-stm32.9-2020-q2-update.linux64_1.5.0.202011040924/tools/bin/../lib/gcc/arm-none-eabi/9.3.1/thumb/v7e-m+dp/hard/crti.o
 .ARM.attributes
                0x000000000000001e       0x32 /opt/st/stm32cubeide_1.6.0/plugins/com.st.stm32cube.ide.mcu.externaltools.gnu-tools-for-stm32.9-2020-q2-update.linux64_1.5.0.202011040924/tools/bin/../lib/gcc/arm-none-eabi/9.3.1/thumb/v7e-m+dp/hard/crtbegin.o
 .ARM.attributes
                0x0000000000000050       0x32 Core/Src/main.o
 .ARM.attributes
                0x0000000000000082       0x32 Core/Src/stm32h7xx_hal_msp.o
 .ARM.attributes
                0x00000000000000b4       0x32 Core/Src/stm32h7xx_it.o
 .ARM.attributes
                0x00000000000000e6       0x32 Core/Src/system_stm32h7xx.o
 .ARM.attributes
                0x0000000000000118       0x21 Core/Startup/startup_stm32h743zitx.o
 .ARM.attributes
                0x0000000000000139       0x32 Drivers/STM32H7xx_HAL_Driver/Src/stm32h7xx_hal.o
 .ARM.attributes
                0x000000000000016b       0x32 Drivers/STM32H7xx_HAL_Driver/Src/stm32h7xx_hal_adc.o
 .ARM.attributes
                0x000000000000019d       0x32 Drivers/STM32H7xx_HAL_Driver/Src/stm32h7xx_hal_adc_ex.o
 .ARM.attributes
                0x00000000000001cf       0x32 Drivers/STM32H7xx_HAL_Driver/Src/stm32h7xx_hal_cortex.o
 .ARM.attributes
                0x0000000000000201       0x32 Drivers/STM32H7xx_HAL_Driver/Src/stm32h7xx_hal_gpio.o
 .ARM.attributes
                0x0000000000000233       0x32 Drivers/STM32H7xx_HAL_Driver/Src/stm32h7xx_hal_pwr_ex.o
 .ARM.attributes
                0x0000000000000265       0x32 Drivers/STM32H7xx_HAL_Driver/Src/stm32h7xx_hal_rcc.o
 .ARM.attributes
                0x0000000000000297       0x32 Drivers/STM32H7xx_HAL_Driver/Src/stm32h7xx_hal_rcc_ex.o
 .ARM.attributes
                0x00000000000002c9       0x32 /opt/st/stm32cubeide_1.6.0/plugins/com.st.stm32cube.ide.mcu.externaltools.gnu-tools-for-stm32.9-2020-q2-update.linux64_1.5.0.202011040924/tools/bin/../lib/gcc/arm-none-eabi/9.3.1/../../../../arm-none-eabi/lib/thumb/v7e-m+dp/hard/libc_nano.a(lib_a-init.o)
 .ARM.attributes
                0x00000000000002fb       0x32 /opt/st/stm32cubeide_1.6.0/plugins/com.st.stm32cube.ide.mcu.externaltools.gnu-tools-for-stm32.9-2020-q2-update.linux64_1.5.0.202011040924/tools/bin/../lib/gcc/arm-none-eabi/9.3.1/../../../../arm-none-eabi/lib/thumb/v7e-m+dp/hard/libc_nano.a(lib_a-memset.o)
 .ARM.attributes
                0x000000000000032d       0x1e /opt/st/stm32cubeide_1.6.0/plugins/com.st.stm32cube.ide.mcu.externaltools.gnu-tools-for-stm32.9-2020-q2-update.linux64_1.5.0.202011040924/tools/bin/../lib/gcc/arm-none-eabi/9.3.1/thumb/v7e-m+dp/hard/crtn.o
OUTPUT(IntroToADC.elf elf32-littlearm)
LOAD linker stubs
LOAD /opt/st/stm32cubeide_1.6.0/plugins/com.st.stm32cube.ide.mcu.externaltools.gnu-tools-for-stm32.9-2020-q2-update.linux64_1.5.0.202011040924/tools/bin/../lib/gcc/arm-none-eabi/9.3.1/../../../../arm-none-eabi/lib/thumb/v7e-m+dp/hard/libc.a
LOAD /opt/st/stm32cubeide_1.6.0/plugins/com.st.stm32cube.ide.mcu.externaltools.gnu-tools-for-stm32.9-2020-q2-update.linux64_1.5.0.202011040924/tools/bin/../lib/gcc/arm-none-eabi/9.3.1/../../../../arm-none-eabi/lib/thumb/v7e-m+dp/hard/libm.a
LOAD /opt/st/stm32cubeide_1.6.0/plugins/com.st.stm32cube.ide.mcu.externaltools.gnu-tools-for-stm32.9-2020-q2-update.linux64_1.5.0.202011040924/tools/bin/../lib/gcc/arm-none-eabi/9.3.1/thumb/v7e-m+dp/hard/libgcc.a

.debug_info     0x0000000000000000    0x1543b
 .debug_info    0x0000000000000000     0x1e6b Core/Src/main.o
 .debug_info    0x0000000000001e6b     0x1b47 Core/Src/stm32h7xx_hal_msp.o
 .debug_info    0x00000000000039b2      0xbe2 Core/Src/stm32h7xx_it.o
 .debug_info    0x0000000000004594     0x1748 Core/Src/system_stm32h7xx.o
 .debug_info    0x0000000000005cdc       0x22 Core/Startup/startup_stm32h743zitx.o
 .debug_info    0x0000000000005cfe     0x1f5e Drivers/STM32H7xx_HAL_Driver/Src/stm32h7xx_hal.o
 .debug_info    0x0000000000007c5c     0x290d Drivers/STM32H7xx_HAL_Driver/Src/stm32h7xx_hal_adc.o
 .debug_info    0x000000000000a569     0x2a4d Drivers/STM32H7xx_HAL_Driver/Src/stm32h7xx_hal_adc_ex.o
 .debug_info    0x000000000000cfb6     0x1bd4 Drivers/STM32H7xx_HAL_Driver/Src/stm32h7xx_hal_cortex.o
 .debug_info    0x000000000000eb8a     0x17bf Drivers/STM32H7xx_HAL_Driver/Src/stm32h7xx_hal_gpio.o
 .debug_info    0x0000000000010349     0x1b06 Drivers/STM32H7xx_HAL_Driver/Src/stm32h7xx_hal_pwr_ex.o
 .debug_info    0x0000000000011e4f     0x192a Drivers/STM32H7xx_HAL_Driver/Src/stm32h7xx_hal_rcc.o
 .debug_info    0x0000000000013779     0x1cc2 Drivers/STM32H7xx_HAL_Driver/Src/stm32h7xx_hal_rcc_ex.o

.debug_abbrev   0x0000000000000000     0x236d
 .debug_abbrev  0x0000000000000000      0x2ba Core/Src/main.o
 .debug_abbrev  0x00000000000002ba      0x256 Core/Src/stm32h7xx_hal_msp.o
 .debug_abbrev  0x0000000000000510      0x1ef Core/Src/stm32h7xx_it.o
 .debug_abbrev  0x00000000000006ff      0x262 Core/Src/system_stm32h7xx.o
 .debug_abbrev  0x0000000000000961       0x12 Core/Startup/startup_stm32h743zitx.o
 .debug_abbrev  0x0000000000000973      0x31b Drivers/STM32H7xx_HAL_Driver/Src/stm32h7xx_hal.o
 .debug_abbrev  0x0000000000000c8e      0x31b Drivers/STM32H7xx_HAL_Driver/Src/stm32h7xx_hal_adc.o
 .debug_abbrev  0x0000000000000fa9      0x361 Drivers/STM32H7xx_HAL_Driver/Src/stm32h7xx_hal_adc_ex.o
 .debug_abbrev  0x000000000000130a      0x409 Drivers/STM32H7xx_HAL_Driver/Src/stm32h7xx_hal_cortex.o
 .debug_abbrev  0x0000000000001713      0x2cb Drivers/STM32H7xx_HAL_Driver/Src/stm32h7xx_hal_gpio.o
 .debug_abbrev  0x00000000000019de      0x350 Drivers/STM32H7xx_HAL_Driver/Src/stm32h7xx_hal_pwr_ex.o
 .debug_abbrev  0x0000000000001d2e      0x322 Drivers/STM32H7xx_HAL_Driver/Src/stm32h7xx_hal_rcc.o
 .debug_abbrev  0x0000000000002050      0x31d Drivers/STM32H7xx_HAL_Driver/Src/stm32h7xx_hal_rcc_ex.o

.debug_aranges  0x0000000000000000      0xb08
 .debug_aranges
                0x0000000000000000       0x40 Core/Src/main.o
 .debug_aranges
                0x0000000000000040       0x30 Core/Src/stm32h7xx_hal_msp.o
 .debug_aranges
                0x0000000000000070       0x60 Core/Src/stm32h7xx_it.o
 .debug_aranges
                0x00000000000000d0       0x28 Core/Src/system_stm32h7xx.o
 .debug_aranges
                0x00000000000000f8       0x28 Core/Startup/startup_stm32h743zitx.o
 .debug_aranges
                0x0000000000000120      0x198 Drivers/STM32H7xx_HAL_Driver/Src/stm32h7xx_hal.o
 .debug_aranges
                0x00000000000002b8      0x228 Drivers/STM32H7xx_HAL_Driver/Src/stm32h7xx_hal_adc.o
 .debug_aranges
                0x00000000000004e0      0x1d8 Drivers/STM32H7xx_HAL_Driver/Src/stm32h7xx_hal_adc_ex.o
 .debug_aranges
                0x00000000000006b8      0x120 Drivers/STM32H7xx_HAL_Driver/Src/stm32h7xx_hal_cortex.o
 .debug_aranges
                0x00000000000007d8       0x58 Drivers/STM32H7xx_HAL_Driver/Src/stm32h7xx_hal_gpio.o
 .debug_aranges
                0x0000000000000830      0x158 Drivers/STM32H7xx_HAL_Driver/Src/stm32h7xx_hal_pwr_ex.o
 .debug_aranges
                0x0000000000000988       0x88 Drivers/STM32H7xx_HAL_Driver/Src/stm32h7xx_hal_rcc.o
 .debug_aranges
                0x0000000000000a10       0xf8 Drivers/STM32H7xx_HAL_Driver/Src/stm32h7xx_hal_rcc_ex.o

.debug_ranges   0x0000000000000000      0xa40
 .debug_ranges  0x0000000000000000       0x30 Core/Src/main.o
 .debug_ranges  0x0000000000000030       0x20 Core/Src/stm32h7xx_hal_msp.o
 .debug_ranges  0x0000000000000050       0x50 Core/Src/stm32h7xx_it.o
 .debug_ranges  0x00000000000000a0       0x18 Core/Src/system_stm32h7xx.o
 .debug_ranges  0x00000000000000b8       0x20 Core/Startup/startup_stm32h743zitx.o
 .debug_ranges  0x00000000000000d8      0x188 Drivers/STM32H7xx_HAL_Driver/Src/stm32h7xx_hal.o
 .debug_ranges  0x0000000000000260      0x218 Drivers/STM32H7xx_HAL_Driver/Src/stm32h7xx_hal_adc.o
 .debug_ranges  0x0000000000000478      0x1c8 Drivers/STM32H7xx_HAL_Driver/Src/stm32h7xx_hal_adc_ex.o
 .debug_ranges  0x0000000000000640      0x110 Drivers/STM32H7xx_HAL_Driver/Src/stm32h7xx_hal_cortex.o
 .debug_ranges  0x0000000000000750       0x48 Drivers/STM32H7xx_HAL_Driver/Src/stm32h7xx_hal_gpio.o
 .debug_ranges  0x0000000000000798      0x148 Drivers/STM32H7xx_HAL_Driver/Src/stm32h7xx_hal_pwr_ex.o
 .debug_ranges  0x00000000000008e0       0x78 Drivers/STM32H7xx_HAL_Driver/Src/stm32h7xx_hal_rcc.o
 .debug_ranges  0x0000000000000958       0xe8 Drivers/STM32H7xx_HAL_Driver/Src/stm32h7xx_hal_rcc_ex.o

.debug_macro    0x0000000000000000    0x365bd
 .debug_macro   0x0000000000000000      0x39d Core/Src/main.o
 .debug_macro   0x000000000000039d      0xac0 Core/Src/main.o
 .debug_macro   0x0000000000000e5d      0x232 Core/Src/main.o
 .debug_macro   0x000000000000108f       0x2e Core/Src/main.o
 .debug_macro   0x00000000000010bd       0x3b Core/Src/main.o
 .debug_macro   0x00000000000010f8       0x22 Core/Src/main.o
 .debug_macro   0x000000000000111a       0x8e Core/Src/main.o
 .debug_macro   0x00000000000011a8       0x51 Core/Src/main.o
 .debug_macro   0x00000000000011f9      0x103 Core/Src/main.o
 .debug_macro   0x00000000000012fc       0x6a Core/Src/main.o
 .debug_macro   0x0000000000001366      0x1df Core/Src/main.o
 .debug_macro   0x0000000000001545       0x1c Core/Src/main.o
 .debug_macro   0x0000000000001561       0x22 Core/Src/main.o
 .debug_macro   0x0000000000001583      0x101 Core/Src/main.o
 .debug_macro   0x0000000000001684     0x1305 Core/Src/main.o
 .debug_macro   0x0000000000002989      0x11f Core/Src/main.o
 .debug_macro   0x0000000000002aa8       0x27 Core/Src/main.o
 .debug_macro   0x0000000000002acf    0x253d1 Core/Src/main.o
 .debug_macro   0x0000000000027ea0       0x43 Core/Src/main.o
 .debug_macro   0x0000000000027ee3     0x3cd3 Core/Src/main.o
 .debug_macro   0x000000000002bbb6      0x174 Core/Src/main.o
 .debug_macro   0x000000000002bd2a       0x52 Core/Src/main.o
 .debug_macro   0x000000000002bd7c       0x17 Core/Src/main.o
 .debug_macro   0x000000000002bd93       0x3c Core/Src/main.o
 .debug_macro   0x000000000002bdcf       0x34 Core/Src/main.o
 .debug_macro   0x000000000002be03       0x16 Core/Src/main.o
 .debug_macro   0x000000000002be19       0x43 Core/Src/main.o
 .debug_macro   0x000000000002be5c       0x34 Core/Src/main.o
 .debug_macro   0x000000000002be90       0x10 Core/Src/main.o
 .debug_macro   0x000000000002bea0       0x58 Core/Src/main.o
 .debug_macro   0x000000000002bef8       0x71 Core/Src/main.o
 .debug_macro   0x000000000002bf69       0x1c Core/Src/main.o
 .debug_macro   0x000000000002bf85      0x12a Core/Src/main.o
 .debug_macro   0x000000000002c0af      0x333 Core/Src/main.o
 .debug_macro   0x000000000002c3e2      0x1a9 Core/Src/main.o
 .debug_macro   0x000000000002c58b       0x5d Core/Src/main.o
 .debug_macro   0x000000000002c5e8     0x2382 Core/Src/main.o
 .debug_macro   0x000000000002e96a     0x1002 Core/Src/main.o
 .debug_macro   0x000000000002f96c      0x14d Core/Src/main.o
 .debug_macro   0x000000000002fab9      0x117 Core/Src/main.o
 .debug_macro   0x000000000002fbd0      0x3b2 Core/Src/main.o
 .debug_macro   0x000000000002ff82       0x27 Core/Src/main.o
 .debug_macro   0x000000000002ffa9      0x72d Core/Src/main.o
 .debug_macro   0x00000000000306d6      0x229 Core/Src/main.o
 .debug_macro   0x00000000000308ff       0x66 Core/Src/main.o
 .debug_macro   0x0000000000030965      0x3bb Core/Src/main.o
 .debug_macro   0x0000000000030d20      0x3e5 Core/Src/main.o
 .debug_macro   0x0000000000031105      0x275 Core/Src/main.o
 .debug_macro   0x000000000003137a     0x1036 Core/Src/main.o
 .debug_macro   0x00000000000323b0      0x6c5 Core/Src/main.o
 .debug_macro   0x0000000000032a75      0x36e Core/Src/main.o
 .debug_macro   0x0000000000032de3      0x3cb Core/Src/main.o
 .debug_macro   0x00000000000331ae      0x408 Core/Src/main.o
 .debug_macro   0x00000000000335b6       0x51 Core/Src/main.o
 .debug_macro   0x0000000000033607       0x4a Core/Src/main.o
 .debug_macro   0x0000000000033651      0x22c Core/Src/main.o
 .debug_macro   0x000000000003387d       0x67 Core/Src/main.o
 .debug_macro   0x00000000000338e4       0xa5 Core/Src/main.o
 .debug_macro   0x0000000000033989      0x1c5 Core/Src/main.o
 .debug_macro   0x0000000000033b4e      0x25f Core/Src/main.o
 .debug_macro   0x0000000000033dad       0x35 Core/Src/main.o
 .debug_macro   0x0000000000033de2      0x5a0 Core/Src/main.o
 .debug_macro   0x0000000000034382       0x1c Core/Src/main.o
 .debug_macro   0x000000000003439e       0x35 Core/Src/main.o
 .debug_macro   0x00000000000343d3       0x10 Core/Src/main.o
 .debug_macro   0x00000000000343e3       0x10 Core/Src/main.o
 .debug_macro   0x00000000000343f3       0x1c Core/Src/main.o
 .debug_macro   0x000000000003440f       0x52 Core/Src/main.o
 .debug_macro   0x0000000000034461       0x22 Core/Src/main.o
 .debug_macro   0x0000000000034483       0x10 Core/Src/main.o
 .debug_macro   0x0000000000034493       0x40 Core/Src/main.o
 .debug_macro   0x00000000000344d3       0xd5 Core/Src/main.o
 .debug_macro   0x00000000000345a8       0x1c Core/Src/main.o
 .debug_macro   0x00000000000345c4       0x3d Core/Src/main.o
 .debug_macro   0x0000000000034601       0x16 Core/Src/main.o
 .debug_macro   0x0000000000034617      0x145 Core/Src/main.o
 .debug_macro   0x000000000003475c       0x16 Core/Src/main.o
 .debug_macro   0x0000000000034772       0x20 Core/Src/main.o
 .debug_macro   0x0000000000034792      0x2ac Core/Src/stm32h7xx_hal_msp.o
 .debug_macro   0x0000000000034a3e      0x2b6 Core/Src/stm32h7xx_it.o
 .debug_macro   0x0000000000034cf4      0x2a8 Core/Src/system_stm32h7xx.o
 .debug_macro   0x0000000000034f9c      0x2cc Drivers/STM32H7xx_HAL_Driver/Src/stm32h7xx_hal.o
 .debug_macro   0x0000000000035268      0x2c6 Drivers/STM32H7xx_HAL_Driver/Src/stm32h7xx_hal_adc.o
 .debug_macro   0x000000000003552e      0x2ae Drivers/STM32H7xx_HAL_Driver/Src/stm32h7xx_hal_adc_ex.o
 .debug_macro   0x00000000000357dc      0x2a2 Drivers/STM32H7xx_HAL_Driver/Src/stm32h7xx_hal_cortex.o
 .debug_macro   0x0000000000035a7e      0x2de Drivers/STM32H7xx_HAL_Driver/Src/stm32h7xx_hal_gpio.o
 .debug_macro   0x0000000000035d5c      0x2db Drivers/STM32H7xx_HAL_Driver/Src/stm32h7xx_hal_pwr_ex.o
 .debug_macro   0x0000000000036037      0x2c6 Drivers/STM32H7xx_HAL_Driver/Src/stm32h7xx_hal_rcc.o
 .debug_macro   0x00000000000362fd      0x2c0 Drivers/STM32H7xx_HAL_Driver/Src/stm32h7xx_hal_rcc_ex.o

.debug_line     0x0000000000000000     0xccb7
 .debug_line    0x0000000000000000      0xa6c Core/Src/main.o
 .debug_line    0x0000000000000a6c      0x87a Core/Src/stm32h7xx_hal_msp.o
 .debug_line    0x00000000000012e6      0x8d2 Core/Src/stm32h7xx_it.o
 .debug_line    0x0000000000001bb8      0x9c6 Core/Src/system_stm32h7xx.o
 .debug_line    0x000000000000257e       0x88 Core/Startup/startup_stm32h743zitx.o
 .debug_line    0x0000000000002606      0xdbd Drivers/STM32H7xx_HAL_Driver/Src/stm32h7xx_hal.o
 .debug_line    0x00000000000033c3     0x2318 Drivers/STM32H7xx_HAL_Driver/Src/stm32h7xx_hal_adc.o
 .debug_line    0x00000000000056db     0x1edb Drivers/STM32H7xx_HAL_Driver/Src/stm32h7xx_hal_adc_ex.o
 .debug_line    0x00000000000075b6      0xdc3 Drivers/STM32H7xx_HAL_Driver/Src/stm32h7xx_hal_cortex.o
 .debug_line    0x0000000000008379      0xc88 Drivers/STM32H7xx_HAL_Driver/Src/stm32h7xx_hal_gpio.o
 .debug_line    0x0000000000009001      0xed7 Drivers/STM32H7xx_HAL_Driver/Src/stm32h7xx_hal_pwr_ex.o
 .debug_line    0x0000000000009ed8     0x1309 Drivers/STM32H7xx_HAL_Driver/Src/stm32h7xx_hal_rcc.o
 .debug_line    0x000000000000b1e1     0x1ad6 Drivers/STM32H7xx_HAL_Driver/Src/stm32h7xx_hal_rcc_ex.o

.debug_str      0x0000000000000000   0x161d0b
 .debug_str     0x0000000000000000   0x15df0f Core/Src/main.o
                                     0x15e755 (size before relaxing)
 .debug_str     0x000000000015df0f      0x34e Core/Src/stm32h7xx_hal_msp.o
                                     0x15d7b4 (size before relaxing)
 .debug_str     0x000000000015e25d       0xbd Core/Src/stm32h7xx_it.o
                                     0x15cc93 (size before relaxing)
 .debug_str     0x000000000015e31a      0x328 Core/Src/system_stm32h7xx.o
                                     0x15d13b (size before relaxing)
 .debug_str     0x000000000015e642       0x36 Core/Startup/startup_stm32h743zitx.o
                                         0x76 (size before relaxing)
 .debug_str     0x000000000015e678      0xf09 Drivers/STM32H7xx_HAL_Driver/Src/stm32h7xx_hal.o
                                     0x15df4c (size before relaxing)
 .debug_str     0x000000000015f581      0xa59 Drivers/STM32H7xx_HAL_Driver/Src/stm32h7xx_hal_adc.o
                                     0x15dd77 (size before relaxing)
 .debug_str     0x000000000015ffda      0x898 Drivers/STM32H7xx_HAL_Driver/Src/stm32h7xx_hal_adc_ex.o
                                     0x15de5e (size before relaxing)
 .debug_str     0x0000000000160872      0x39d Drivers/STM32H7xx_HAL_Driver/Src/stm32h7xx_hal_cortex.o
                                     0x15da54 (size before relaxing)
 .debug_str     0x0000000000160c0f      0x204 Drivers/STM32H7xx_HAL_Driver/Src/stm32h7xx_hal_gpio.o
                                     0x15d1eb (size before relaxing)
 .debug_str     0x0000000000160e13      0x627 Drivers/STM32H7xx_HAL_Driver/Src/stm32h7xx_hal_pwr_ex.o
                                     0x15d5a5 (size before relaxing)
 .debug_str     0x000000000016143a      0x26c Drivers/STM32H7xx_HAL_Driver/Src/stm32h7xx_hal_rcc.o
                                     0x15d47a (size before relaxing)
 .debug_str     0x00000000001616a6      0x665 Drivers/STM32H7xx_HAL_Driver/Src/stm32h7xx_hal_rcc_ex.o
                                     0x15d92c (size before relaxing)

.comment        0x0000000000000000       0x53
 .comment       0x0000000000000000       0x53 Core/Src/main.o
                                         0x54 (size before relaxing)
 .comment       0x0000000000000053       0x54 Core/Src/stm32h7xx_hal_msp.o
 .comment       0x0000000000000053       0x54 Core/Src/stm32h7xx_it.o
 .comment       0x0000000000000053       0x54 Core/Src/system_stm32h7xx.o
 .comment       0x0000000000000053       0x54 Drivers/STM32H7xx_HAL_Driver/Src/stm32h7xx_hal.o
 .comment       0x0000000000000053       0x54 Drivers/STM32H7xx_HAL_Driver/Src/stm32h7xx_hal_adc.o
 .comment       0x0000000000000053       0x54 Drivers/STM32H7xx_HAL_Driver/Src/stm32h7xx_hal_adc_ex.o
 .comment       0x0000000000000053       0x54 Drivers/STM32H7xx_HAL_Driver/Src/stm32h7xx_hal_cortex.o
 .comment       0x0000000000000053       0x54 Drivers/STM32H7xx_HAL_Driver/Src/stm32h7xx_hal_gpio.o
 .comment       0x0000000000000053       0x54 Drivers/STM32H7xx_HAL_Driver/Src/stm32h7xx_hal_pwr_ex.o
 .comment       0x0000000000000053       0x54 Drivers/STM32H7xx_HAL_Driver/Src/stm32h7xx_hal_rcc.o
 .comment       0x0000000000000053       0x54 Drivers/STM32H7xx_HAL_Driver/Src/stm32h7xx_hal_rcc_ex.o

.debug_frame    0x0000000000000000     0x2d94
 .debug_frame   0x0000000000000000       0xb4 Core/Src/main.o
 .debug_frame   0x00000000000000b4       0x84 Core/Src/stm32h7xx_hal_msp.o
 .debug_frame   0x0000000000000138      0x104 Core/Src/stm32h7xx_it.o
 .debug_frame   0x000000000000023c       0x58 Core/Src/system_stm32h7xx.o
 .debug_frame   0x0000000000000294      0x690 Drivers/STM32H7xx_HAL_Driver/Src/stm32h7xx_hal.o
 .debug_frame   0x0000000000000924      0xa28 Drivers/STM32H7xx_HAL_Driver/Src/stm32h7xx_hal_adc.o
 .debug_frame   0x000000000000134c      0x88c Drivers/STM32H7xx_HAL_Driver/Src/stm32h7xx_hal_adc_ex.o
 .debug_frame   0x0000000000001bd8      0x4b8 Drivers/STM32H7xx_HAL_Driver/Src/stm32h7xx_hal_cortex.o
 .debug_frame   0x0000000000002090      0x14c Drivers/STM32H7xx_HAL_Driver/Src/stm32h7xx_hal_gpio.o
 .debug_frame   0x00000000000021dc      0x580 Drivers/STM32H7xx_HAL_Driver/Src/stm32h7xx_hal_pwr_ex.o
 .debug_frame   0x000000000000275c      0x1f8 Drivers/STM32H7xx_HAL_Driver/Src/stm32h7xx_hal_rcc.o
 .debug_frame   0x0000000000002954      0x3f4 Drivers/STM32H7xx_HAL_Driver/Src/stm32h7xx_hal_rcc_ex.o
 .debug_frame   0x0000000000002d48       0x2c /opt/st/stm32cubeide_1.6.0/plugins/com.st.stm32cube.ide.mcu.externaltools.gnu-tools-for-stm32.9-2020-q2-update.linux64_1.5.0.202011040924/tools/bin/../lib/gcc/arm-none-eabi/9.3.1/../../../../arm-none-eabi/lib/thumb/v7e-m+dp/hard/libc_nano.a(lib_a-init.o)
 .debug_frame   0x0000000000002d74       0x20 /opt/st/stm32cubeide_1.6.0/plugins/com.st.stm32cube.ide.mcu.externaltools.gnu-tools-for-stm32.9-2020-q2-update.linux64_1.5.0.202011040924/tools/bin/../lib/gcc/arm-none-eabi/9.3.1/../../../../arm-none-eabi/lib/thumb/v7e-m+dp/hard/libc_nano.a(lib_a-memset.o)
