12:47:06 **** Incremental Build of configuration Debug for project IntroToADC ****
make -j8 all 
arm-none-eabi-size   IntroToADC.elf 
   text	   data	    bss	    dec	    hex	filename
  22656	     28	   1676	  24360	   5f28	IntroToADC.elf
Finished building: default.size.stdout
 
12:49:45 **** Incremental Build of configuration Debug for project IntroToDAC ****
make -j8 all 
arm-none-eabi-size   IntroToDAC.elf 
   text	   data	    bss	    dec	    hex	filename
  14924	     24	   9664	  24612	   6024	IntroToDAC.elf
Finished building: default.size.stdout
 
